{"level":"error","message":"Database connection failed The `uri` parameter to `openUri()` must be a string, got \"undefined\". Make sure the first parameter to `mongoose.connect()` or `mongoose.createConnection()` is a string.","stack":"MongooseError: The `uri` parameter to `openUri()` must be a string, got \"undefined\". Make sure the first parameter to `mongoose.connect()` or `mongoose.createConnection()` is a string.\n    at NativeConnection.createClient (C:\\Users\\ASUS\\OneDrive\\Desktop\\Koinx\\node_modules\\mongoose\\lib\\drivers\\node-mongodb-native\\connection.js:234:11)\n    at NativeConnection.openUri (C:\\Users\\ASUS\\OneDrive\\Desktop\\Koinx\\node_modules\\mongoose\\lib\\connection.js:1086:34)\n    at Mongoose.connect (C:\\Users\\ASUS\\OneDrive\\Desktop\\Koinx\\node_modules\\mongoose\\lib\\mongoose.js:475:15)\n    at Object.<anonymous> (C:\\Users\\ASUS\\OneDrive\\Desktop\\Koinx\\src\\app.js:18:4)\n    at Module._compile (node:internal/modules/cjs/loader:1730:14)\n    at Object..js (node:internal/modules/cjs/loader:1895:10)\n    at Module.load (node:internal/modules/cjs/loader:1465:32)\n    at Function._load (node:internal/modules/cjs/loader:1282:12)\n    at TracingChannel.traceSync (node:diagnostics_channel:322:14)\n    at wrapModuleLoad (node:internal/modules/cjs/loader:235:24)","timestamp":"2026-05-25T16:14:01.674Z"}
{"level":"error","message":"Database connection failed The `uri` parameter to `openUri()` must be a string, got \"undefined\". Make sure the first parameter to `mongoose.connect()` or `mongoose.createConnection()` is a string.","stack":"MongooseError: The `uri` parameter to `openUri()` must be a string, got \"undefined\". Make sure the first parameter to `mongoose.connect()` or `mongoose.createConnection()` is a string.\n    at NativeConnection.createClient (C:\\Users\\ASUS\\OneDrive\\Desktop\\Koinx\\node_modules\\mongoose\\lib\\drivers\\node-mongodb-native\\connection.js:234:11)\n    at NativeConnection.openUri (C:\\Users\\ASUS\\OneDrive\\Desktop\\Koinx\\node_modules\\mongoose\\lib\\connection.js:1086:34)\n    at Mongoose.connect (C:\\Users\\ASUS\\OneDrive\\Desktop\\Koinx\\node_modules\\mongoose\\lib\\mongoose.js:475:15)\n    at Object.<anonymous> (C:\\Users\\ASUS\\OneDrive\\Desktop\\Koinx\\src\\app.js:18:4)\n    at Module._compile (node:internal/modules/cjs/loader:1730:14)\n    at Object..js (node:internal/modules/cjs/loader:1895:10)\n    at Module.load (node:internal/modules/cjs/loader:1465:32)\n    at Function._load (node:internal/modules/cjs/loader:1282:12)\n    at TracingChannel.traceSync (node:diagnostics_channel:322:14)\n    at wrapModuleLoad (node:internal/modules/cjs/loader:235:24)","timestamp":"2026-05-25T16:14:26.729Z"}
{"level":"error","message":"Database connection failed The `uri` parameter to `openUri()` must be a string, got \"undefined\". Make sure the first parameter to `mongoose.connect()` or `mongoose.createConnection()` is a string.","stack":"MongooseError: The `uri` parameter to `openUri()` must be a string, got \"undefined\". Make sure the first parameter to `mongoose.connect()` or `mongoose.createConnection()` is a string.\n    at NativeConnection.createClient (C:\\Users\\ASUS\\OneDrive\\Desktop\\Koinx\\node_modules\\mongoose\\lib\\drivers\\node-mongodb-native\\connection.js:234:11)\n    at NativeConnection.openUri (C:\\Users\\ASUS\\OneDrive\\Desktop\\Koinx\\node_modules\\mongoose\\lib\\connection.js:1086:34)\n    at Mongoose.connect (C:\\Users\\ASUS\\OneDrive\\Desktop\\Koinx\\node_modules\\mongoose\\lib\\mongoose.js:475:15)\n    at Object.<anonymous> (C:\\Users\\ASUS\\OneDrive\\Desktop\\Koinx\\src\\app.js:18:4)\n    at Module._compile (node:internal/modules/cjs/loader:1730:14)\n    at Object..js (node:internal/modules/cjs/loader:1895:10)\n    at Module.load (node:internal/modules/cjs/loader:1465:32)\n    at Function._load (node:internal/modules/cjs/loader:1282:12)\n    at TracingChannel.traceSync (node:diagnostics_channel:322:14)\n    at wrapModuleLoad (node:internal/modules/cjs/loader:235:24)","timestamp":"2026-05-25T16:16:22.076Z"}
{"level":"info","message":"MongoDB connected","timestamp":"2026-05-25T16:17:47.287Z"}
{"level":"info","message":"Server running on port 5000","timestamp":"2026-05-25T16:17:47.293Z"}
{"level":"info","message":"MongoDB connected","timestamp":"2026-05-25T16:29:09.648Z"}
{"level":"info","message":"Server running on port 5000","timestamp":"2026-05-25T16:29:09.656Z"}
{"level":"info","message":"MongoDB connected","timestamp":"2026-05-25T16:29:14.869Z"}
{"level":"info","message":"Server running on port 5000","timestamp":"2026-05-25T16:29:14.877Z"}
{"level":"info","message":"MongoDB connected","timestamp":"2026-05-25T16:29:20.654Z"}
{"level":"info","message":"Server running on port 5000","timestamp":"2026-05-25T16:29:20.671Z"}
{"level":"info","message":"MongoDB connected","timestamp":"2026-05-25T16:33:36.300Z"}
{"level":"info","message":"Server running on port 5000","timestamp":"2026-05-25T16:33:36.307Z"}
{"level":"info","message":"MongoDB connected","timestamp":"2026-05-25T16:34:48.858Z"}
{"level":"info","message":"Server running on port 5000","timestamp":"2026-05-25T16:34:48.868Z"}
{"level":"error","message":"Cannot read properties of undefined (reading '0')","timestamp":"2026-05-25T16:37:46.168Z"}
{"level":"error","message":"Only CSV files allowed","timestamp":"2026-05-25T17:08:25.828Z"}
{"level":"info","message":"MongoDB connected","timestamp":"2026-05-25T17:09:17.503Z"}
{"level":"info","message":"Server running on port 5000","timestamp":"2026-05-25T17:09:17.520Z"}
{"level":"info","message":"MongoDB connected","timestamp":"2026-05-25T17:11:30.508Z"}
{"level":"info","message":"Server running on port 5000","timestamp":"2026-05-25T17:11:30.523Z"}
{"level":"error","message":"Transaction validation failed: normalized: Cast to string failed for value \"{\n  transactionId: null,\n  asset: 'BTC',\n  type: 'BUY',\n  quantity: 0.5,\n  timestamp: 2024-03-01T09:00:00.000Z\n}\" (type Object) at path \"normalized\"","timestamp":"2026-05-25T17:11:37.418Z"}
{"level":"error","message":"Transaction validation failed: normalized: Cast to string failed for value \"{\n  transactionId: null,\n  asset: 'BTC',\n  type: 'BUY',\n  quantity: 0.5,\n  timestamp: 2024-03-01T09:00:00.000Z\n}\" (type Object) at path \"normalized\"","timestamp":"2026-05-25T17:13:30.426Z"}
{"level":"info","message":"MongoDB connected","timestamp":"2026-05-25T17:13:59.602Z"}
{"level":"info","message":"Server running on port 5000","timestamp":"2026-05-25T17:13:59.618Z"}
{"level":"error","message":"Transaction validation failed: normalized: Cast to string failed for value \"{\n  transactionId: null,\n  asset: 'BTC',\n  type: 'BUY',\n  quantity: 0.5,\n  timestamp: 2024-03-01T09:00:00.000Z\n}\" (type Object) at path \"normalized\"","timestamp":"2026-05-25T17:14:02.936Z"}
{"level":"info","message":"MongoDB connected","timestamp":"2026-05-25T17:15:14.981Z"}
{"level":"info","message":"Server running on port 5000","timestamp":"2026-05-25T17:15:14.994Z"}
{"level":"error","message":"Transaction validation failed: normalized.timestamp: Cast to date failed for value \"Invalid Date\" (type Date) at path \"normalized.timestamp\"","timestamp":"2026-05-25T17:15:20.352Z"}
{"level":"info","message":"MongoDB connected","timestamp":"2026-05-25T17:16:50.856Z"}
{"level":"info","message":"Server running on port 5000","timestamp":"2026-05-25T17:16:50.872Z"}
{"level":"info","message":"MongoDB connected","timestamp":"2026-05-25T17:17:22.757Z"}
{"level":"info","message":"Server running on port 5000","timestamp":"2026-05-25T17:17:22.771Z"}
{"level":"info","message":"MongoDB connected","timestamp":"2026-05-25T17:17:33.229Z"}
{"level":"info","message":"Server running on port 5000","timestamp":"2026-05-25T17:17:33.239Z"}
{"level":"error","message":"Transaction validation failed: normalized.timestamp: Cast to date failed for value \"Invalid Date\" (type Date) at path \"timestamp\"","timestamp":"2026-05-25T17:17:39.855Z"}
{"level":"info","message":"MongoDB connected","timestamp":"2026-05-25T17:23:59.266Z"}
{"level":"info","message":"Server running on port 5000","timestamp":"2026-05-25T17:23:59.279Z"}
{"level":"error","message":"Transaction validation failed: normalized.timestamp: Cast to date failed for value \"Invalid Date\" (type Date) at path \"timestamp\"","timestamp":"2026-05-25T17:24:04.592Z"}
{"level":"info","message":"MongoDB connected","timestamp":"2026-05-25T17:25:49.445Z"}
{"level":"info","message":"Server running on port 5000","timestamp":"2026-05-25T17:25:49.459Z"}
{"level":"info","message":"MongoDB connected","timestamp":"2026-05-25T17:26:40.023Z"}
{"level":"info","message":"Server running on port 5000","timestamp":"2026-05-25T17:26:40.043Z"}
{"level":"info","message":"MongoDB connected","timestamp":"2026-05-25T17:26:55.881Z"}
{"level":"info","message":"Server running on port 5000","timestamp":"2026-05-25T17:26:55.895Z"}
{"level":"error","message":"Transaction validation failed: normalized.timestamp: Cast to date failed for value \"Invalid Date\" (type Date) at path \"timestamp\"","timestamp":"2026-05-25T17:28:08.898Z"}
{"level":"info","message":"MongoDB connected","timestamp":"2026-05-25T17:28:17.764Z"}
{"level":"info","message":"Server running on port 5000","timestamp":"2026-05-25T17:28:17.776Z"}
{"level":"error","message":"Transaction validation failed: normalized.timestamp: Cast to date failed for value \"Invalid Date\" (type Date) at path \"timestamp\"","timestamp":"2026-05-25T17:28:24.266Z"}
{"level":"error","message":"Transaction validation failed: normalized.timestamp: Cast to date failed for value \"Invalid Date\" (type Date) at path \"timestamp\"","timestamp":"2026-05-25T17:29:29.314Z"}
{"level":"info","message":"MongoDB connected","timestamp":"2026-05-25T17:33:34.289Z"}
{"level":"info","message":"Server running on port 5000","timestamp":"2026-05-25T17:33:34.298Z"}
{"level":"info","message":"MongoDB connected","timestamp":"2026-05-25T17:33:37.239Z"}
{"level":"info","message":"Server running on port 5000","timestamp":"2026-05-25T17:33:37.255Z"}
{"level":"info","message":"MongoDB connected","timestamp":"2026-05-25T17:33:48.805Z"}
{"level":"info","message":"Server running on port 5000","timestamp":"2026-05-25T17:33:48.820Z"}
{"level":"error","message":"Unexpected field","timestamp":"2026-05-25T17:35:44.924Z"}
{"level":"info","message":"MongoDB connected","timestamp":"2026-05-25T17:37:13.348Z"}
{"level":"info","message":"Server running on port 5000","timestamp":"2026-05-25T17:37:13.364Z"}
{"level":"info","message":"MongoDB connected","timestamp":"2026-05-25T17:37:28.273Z"}
{"level":"info","message":"Server running on port 5000","timestamp":"2026-05-25T17:37:28.311Z"}
{"level":"info","message":"MongoDB connected","timestamp":"2026-05-25T17:37:47.024Z"}
{"level":"info","message":"Server running on port 5000","timestamp":"2026-05-25T17:37:47.039Z"}
{"level":"info","message":"MongoDB connected","timestamp":"2026-05-25T17:38:20.592Z"}
{"level":"info","message":"Server running on port 5000","timestamp":"2026-05-25T17:38:20.608Z"}
{"level":"info","message":"MongoDB connected","timestamp":"2026-05-25T17:38:31.178Z"}
{"level":"info","message":"Server running on port 5000","timestamp":"2026-05-25T17:38:31.194Z"}
{"level":"info","message":"MongoDB connected","timestamp":"2026-05-25T17:45:59.304Z"}
{"level":"info","message":"Server running on port 5000","timestamp":"2026-05-25T17:45:59.316Z"}
{"level":"info","message":"MongoDB connected","timestamp":"2026-05-25T17:46:20.760Z"}
{"level":"info","message":"Server running on port 5000","timestamp":"2026-05-25T17:46:20.778Z"}
{"level":"info","message":"MongoDB connected","timestamp":"2026-05-25T17:47:19.951Z"}
{"level":"info","message":"Server running on port 5000","timestamp":"2026-05-25T17:47:19.965Z"}
{"level":"info","message":"MongoDB connected","timestamp":"2026-05-25T17:47:42.203Z"}
{"level":"info","message":"Server running on port 5000","timestamp":"2026-05-25T17:47:42.224Z"}
{"level":"info","message":"MongoDB connected","timestamp":"2026-05-25T17:47:49.855Z"}
{"level":"info","message":"Server running on port 5000","timestamp":"2026-05-25T17:47:49.868Z"}
{"level":"info","message":"MongoDB connected","timestamp":"2026-05-25T17:52:09.053Z"}
{"level":"info","message":"Server running on port 5000","timestamp":"2026-05-25T17:52:09.071Z"}
{"level":"info","message":"MongoDB connected","timestamp":"2026-05-25T17:52:37.767Z"}
{"level":"info","message":"Server running on port 5000","timestamp":"2026-05-25T17:52:37.776Z"}
